
> everscript@0.2.36 test
> vscode-tmgrammar-test -g syntaxes/everscript.tmLanguage.json 'test/**/*.test.evs' && node test/radar.test.js && node test/damage.test.js && node test/map-tile.test.js && node test/smoke.test.js && node test/ui.test.js && node test/scaling-rom.test.js

✓ test/highlight.test.evs run successfuly.

radarLifecycle — temp region (0x2834–0x28FF):
  ✓ 0x2834 is temp (first byte)
  ✓ 0x28FF is temp (last byte)
  ✓ 0x2850 is temp (mid range)
  ✓ 0x2833 is NOT temp (one below)
  ✓ 0x2900 is NOT temp (one above)

radarLifecycle — session region (0x2200–0x27FF):
  ✓ 0x2200 is session (first byte)
  ✓ 0x27FF is session (last byte)
  ✓ 0x22D8 is session (mid range)
  ✓ 0x21FF is NOT session
  ✓ 0x2800 is NOT session

radarLifecycle — SRAM tag (outside temp/session range):
  ✓ [SRAM] at 0x0500 → sram
  ✓ [SRAM] in notes at 0x0800 → sram
  ✓ [SRAM] at 0x2260 (session) → session (addr wins)
  ✓ [SRAM] at 0x2840 (temp) → temp (addr wins)

radarLifecycle — system:
  ✓ 0x0000 is system
  ✓ 0x0341 is system
  ✓ 0x2900 is system
  ✓ 0x4EBF is system

radarLifecycle — gap entry boundary (the main bug):
  ✓ 0x28FC is temp (inside temp range, even in gap entry)
  ✓ 0x2900 from gap entry is system
  ✓ 0x4EB2 from gap entry is system

radarH:
  ✓ 0x2834 formats as 0x2834
  ✓ 0x0100 pads to 4 digits
  ✓ 0x0000
  ✓ uppercase hex digits

radarEsc:
  ✓ escapes &
  ✓ escapes <
  ✓ escapes >
  ✓ escapes "
  ✓ no change for plain text

radarParseName:
  ✓ single name, no br
  ✓ strips HTML tags
  ✓ splits on <br>
  ✓ splits on <br/>
  ✓ splits on <BR> (case insensitive)
  ✓ filters empty parts
  ✓ emoji bit-field split

radarParseNotes:
  ✓ converts <br> to newline
  ✓ converts <br/> to newline
  ✓ strips other HTML tags
  ✓ normalises double spaces
  ✓ trims result
  ✓ empty string

parseEvsNum:
  ✓ 0x2A → 42
  ✓ 0xFF → 255
  ✓ 0X1F → 31
  ✓ 0d42 → 42
  ✓ 0D100 → 100
  ✓ plain 99 → 99
  ✓ plain 0 → 0
  ✓ trims whitespace
  ✓ empty → NaN
  ✓ null → NaN
  ✓ undefined → NaN

parseEnumsFromContent:
  ✓ single enum, single entry
  ✓ multiple entries in one enum
  ✓ multiple enums
  ✓ same address in two enums accumulates both
  ✓ no enums → empty map
  ✓ entry without <0xNNNN> address is ignored
  ✓ hex digits are case-insensitive

arg[] index regex:
  ✓ arg[0x00] extracts index 0
  ✓ arg[0x10] extracts index 16
  ✓ arg[5] (decimal) extracts index 5
  ✓ multiple args on one line
  ✓ no arg on line returns empty set
  ✓ arg write detection regex

parseEvsEnumValues:
  ✓ MAP enum plain hex value
  ✓ enum with angle-bracket address
  ✓ unknown enum name returns empty map
  ✓ empty source returns empty map
  ✓ multiple entries all parsed

72 passed, 0 failed


damage calculations:
  ✓ normal damage uses unclitched signed clamp path
  ✓ atlas underflow keeps large wrapped unsigned w below 100 percent charge
  ✓ atlas at 100 percent charge stays on the weak clamped path
  ✓ there are partial-cap cases with some seeds below 999
  ✓ Sterling atlas is not a true 100 percent cap
  ✓ no atlas: higher stamina thresholds increase Boy Sword I damage vs Wimpy Flower
  ✓ minimum pre-rng value is clamped to 1 instead of allowing a 0–0 range
  ✓ no atlas: better weapons usually deal more damage at the same stamina
  ✓ atlas: 100 percent stamina stays weak but sub-100 stamina mostly caps
  ✓ atlas at 100 percent stays weak even as level attack rises
  ✓ atlas docs preview falls back to normal damage when subtraction does not underflow
  ✓ offensive alchemy gives Hard Ball L0 vs Purple/Wimpy Flower as 6–10
  ✓ offensive alchemy gives Hard Ball L0 vs Carltron-like m.def 60 as 0–1
  ✓ offensive alchemy gives Hard Ball L0 vs Mosquito-like m.def 0 as 12–20
  ✓ offensive alchemy clamps out-of-range magic defense before applying the traced hit multiplier
  ✓ offensive alchemy gives Hard Ball L1 vs Purple/Wimpy Flower as 10–20
  ✓ offensive alchemy gives Hard Ball L1 vs Mosquito-like m.def 0 as 21–41
  ✓ projected alchemy spell level preview scales spell power upward
  ✓ projected scalable target preview reuses growth tables for hp and m.def

19 passed, 0 failed


Map tile decoder parity (single 16x16 tile)
  ✓ uncompressed tiles match reference for multiple seeds
  ✓ uncompressed overflow wordCount clamps like TileViewer
  ✓ compressed copy-only stream matches reference
  ✓ compressed command modes 0..8,13,14,15 match reference
  ✓ single tile 16x16 output has exact dimensions and palette-index range

5 run: 5 passed, 0 failed

Smoke: renderRoomsTree
  ✓ empty tree returns rm-empty div
  ✓ area node renders rn-area
  ✓ map node renders rn-map

Smoke: buildRoomsJson
  ✓ serializes map node without scriptLines
  ✓ ROOMS JSON is valid JS (eval)

Smoke: renderRadarHtml (full HTML + JS execution)
  ✓ renderRadarHtml produces HTML string
  ✓ webview JS executes without throwing (radar tab)
  ✓ webview JS executes without throwing (rooms tab)
  ✓ ROOMS var populated in webview JS
  ✓ args section appears above WRAM in HTML
  ✓ scriptLines absent even with triggers present
  ✓ rooms detail renders header fallback canvas when payload render is missing
  ✓ rooms detail emits render log messages in rooms tab path
  ✓ rooms detail creates decoded render canvas when payload render exists
  ✓ decoded render canvas receives non-empty pixel data
  ✓ decoded canvas uses ROM header width/height even if tilemap shape differs
  ✓ decoded render clears canvas to white before drawing
  ✓ decoded render fills full map area and avoids blank white cells after draw
  ✓ decoded render reaches expected unique tile threshold
  ✓ rendered tile appears on map with expected pixel colors
  ✓ rooms decoded render logs invalidRefs diagnostics for trace comparison
[RoomsRender] decodeMapPayload: sentinel candidates {
  dataRom: '0x100',
  mapW: 20,
  mapH: 16,
  tileCount: 6,
  candidates: 2,
  picked: {
    sentinel: '0x30',
    abs: '0x128',
    posCount: 0,
    invalidRefs: 0,
    maxNibble: 15
  }
}
[RoomsRender] decodeMapPayload: decoded {
  dataRom: '0x100',
  mapW: 20,
  mapH: 16,
  tileCount: 6,
  compressedSize: 10,
  posCount: 0
}
  ✓ decodeMapPayload picks earliest sentinel candidate on synthetic ROM
  ✓ multiple decoded maps render non-white canvas output and avoid fallback canvas
  ✓ low-quality decoded render is rejected and falls back to header canvas

24 run: 24 passed, 0 failed

Scaling tab: HTML structure
  ✓ Scaling section contains #sc-mode-sel dropdown
  ✓ Scaling dropdown has Physical option
  ✓ Scaling dropdown has Offensive Alchemy option
  ✓ Scaling HTML contains the field ids required by updateLevelFields()
  ✓ Scaling HTML still contains the physical control set
  ✓ Scaling HTML contains alchemy slider fields

Docs tab: HTML structure
  ✓ Docs subnav contains standalone alchemy button again
  ✓ Docs no longer contains the mistaken damage-type dropdown
  ✓ Docs still contains both physical and alchemy calculators
  ✓ Docs alchemy contains the spell-level slider
  ✓ Docs alchemy uses the expected spell might table entries
  ✓ Docs alchemy advertises the traced spell-level power helper
  ✓ Docs alchemy now mentions the projectile POWER research note

Rooms tab: HTML/JS behaviour
  ✓ Rooms HTML includes room render canvas styles
  ✓ Rooms JS renders header fallback canvas block when payload render is absent

Scaling tab: JS behaviour
  ✓ webview JS executes without throwing with scaling fixture data
  ✓ Docs alchemy spell-level slider updates the preview output
  ✓ Scaling starts in physical mode
  ✓ Scaling renders chart content at init
  ✓ Switching Scaling to alchemy hides physical-only controls
  ✓ Switching Scaling back to physical restores physical-only controls
  ✓ Alchemy mode updates the Scaling note text
  ✓ Hard Ball S0 vs Wimpy Flower shows a 5–10 legend range in alchemy mode
  ✓ Alchemy mode initializes both spell-level and target-level charts
  ✓ Non-scalable alchemy targets lock the target-level slider to 1
  ✓ Scalable alchemy targets unlock the target-level slider

Docs tab: JS behaviour
  ✓ Docs calculators both initialize without throwing
  ✓ Docs alchemy graph shows Hard Ball L0 vs m.def 32 as 5–10
  ✓ Docs alchemy graph shows Hard Ball L0 vs m.def 0 as 11–20
  ✓ Scaling legend shows Hard Ball L0 vs Carltron's Robot as 0–1
  ✓ Scaling legend shows Hard Ball S0 vs Mosquito as 11–20
  ✓ Docs alchemy graph shows Hard Ball L1 vs m.def 32 as 10–20
  ✓ Docs alchemy graph shows Hard Ball L1 vs m.def 0 as 21–41
  ✓ Alchemy spell-level slider raises Hard Ball damage against Wimpy Flower

34 run: 34 passed, 0 failed

scaling rom parsing:
  ✓ Hard Ball L0 vs Purple Flower uses parsed magic_defense=32 and yields 5–10

1 passed, 0 failed

